## 1. 查看当前硬盘分区状况
```sh
sudo fdisk -l

Disk /dev/nvme0n1: 931.53 GiB, 1000204886016 bytes, 1953525168 sectors
Disk model: KINGSTON SA2000M81000G                  
Units: sectors of 1 * 512 = 512 bytes
Sector size (logical/physical): 512 bytes / 512 bytes
I/O size (minimum/optimal): 512 bytes / 512 bytes
Disklabel type: gpt
Disk identifier: 0FEE16FD-5858-9090-8081-828310111213

Device              Start        End    Sectors   Size Type
/dev/nvme0n1p1       2048  523134020  523131973 249.5G Microsoft basic data
/dev/nvme0n1p2  523134976  524296191    1161216   567M Windows recovery environment
/dev/nvme0n1p3  524298240 1912219363 1387921124 661.8G Microsoft basic data
/dev/nvme0n1p4 1912221104 1912425903     204800   100M EFI System
/dev/nvme0n1p5 1912425904 1912458671      32768    16M Microsoft reserved
/dev/nvme0n1p6 1912458672 1951520175   39061504  18.6G Linux swap
/dev/nvme0n1p7 1951520176 1953521070    2000895   977M EFI System

Disk /dev/sda: 2.75 TiB, 3001489956864 bytes, 5862285072 sectors
Disk model: WDC WD3000FYYZ-0
Units: sectors of 1 * 512 = 512 bytes
Sector size (logical/physical): 512 bytes / 512 bytes
I/O size (minimum/optimal): 512 bytes / 512 bytes
Disklabel type: gpt
Disk identifier: CCB21328-1953-4851-81C1-B8B17E41A886

Device      Start        End    Sectors  Size Type
/dev/sda1    2048     206847     204800  100M EFI System
/dev/sda2  471040 5862285038 5861813999  2.7T Microsoft basic data

```

## 2. 显示硬盘挂载情况
```sh
df -l

Filesystem      1K-blocks      Used  Available Use% Mounted on
udev             16343952         0   16343952   0% /dev
tmpfs             3275340      2352    3272988   1% /run
/dev/nvme1n1p5   47799020  25743936   19597280  57% /
tmpfs            16376684     28280   16348404   1% /dev/shm
tmpfs                5120         4       5116   1% /run/lock
tmpfs            16376684         0   16376684   0% /sys/fs/cgroup
/dev/loop0            128       128          0 100% /snap/bare/5
/dev/loop1          56832     56832          0 100% /snap/core18/2253
/dev/loop2          63488     63488          0 100% /snap/core20/1270
/dev/loop3         224256    224256          0 100% /snap/gnome-3-34-1804/77
/dev/loop4          56832     56832          0 100% /snap/core18/2246
/dev/loop5         253952    253952          0 100% /snap/gnome-3-38-2004/87
/dev/loop6          66816     66816          0 100% /snap/gtk-common-themes/1519
/dev/loop7          55552     55552          0 100% /snap/snap-store/558
/dev/loop8          44416     44416          0 100% /snap/snapd/14295
/dev/nvme1n1p3     945144    152048     727868  18% /boot
/dev/nvme1n1p7  237792024  38188876  187454260  17% /home
/dev/loop9         224256    224256          0 100% /snap/gnome-3-34-1804/72
/dev/loop10         33280     33280          0 100% /snap/snapd/13640
/dev/loop11         52224     52224          0 100% /snap/snap-store/547
/dev/loop12         66432     66432          0 100% /snap/gtk-common-themes/1514
tmpfs             3275336        20    3275316   1% /run/user/125
tmpfs             3275336        64    3275272   1% /run/user/1000
/dev/sda2      2930906996   6753912 2924153084   1% /media/lexcalibur/软件
/dev/sdc2      2930031048  36899060 2893131988   2% /media/lexcalibur/文档
/dev/sdb1       488386548 204190492  284196056  42% /media/lexcalibur/程序
```

## 3. 挂载硬盘
```sh
sudo mount -t ntfs /dev/sda2 /home/HDD1 # ntfs/ext4等，根据需要挂载的硬盘的格式选择
```

## 4. 设置开机自动挂载
在/etc/fstab 中加入如下配置
```sh
/dev/sda2     /home/HDD1     ntfs    defaults     0    0
```